mca@mca-HP-280-G2-MT:~$ mysql -u root -p;
Enter password: 
Welcome to the MySQL monitor.  Commands end with ; or \g.
Your MySQL connection id is 47
Server version: 5.6.33-0ubuntu0.14.04.1 (Ubuntu)

Copyright (c) 2000, 2016, Oracle and/or its affiliates. All rights reserved.

Oracle is a registered trademark of Oracle Corporation and/or its
affiliates. Other names may be trademarks of their respective
owners.

Type 'help;' or '\h' for help. Type '\c' to clear the current input statement.

mysql> create user 'athi'@'localhost' identified by 'athi';
Query OK, 0 rows affected (0.00 sec)

mysql> create user 'liya'@'localhost' identified by 'liya'
    -> ;
Query OK, 0 rows affected (0.00 sec)

mysql> create user 'zoya'@'localhost' identified by 'zoya';
Query OK, 0 rows affected (0.00 sec)

mysql> use db1;
Reading table information for completion of table and column names
You can turn off this feature to get a quicker startup with -A

Database changed
mysql> show tables;
+---------------+
| Tables_in_db1 |
+---------------+
| Department    |
| Employee      |
+---------------+
2 rows in set (0.00 sec)

mysql> grant all on db1 to 'athi'@'localhost' with grant option;
Query OK, 0 rows affected (0.00 sec)

mysql> quit;
Bye
mca@mca-HP-280-G2-MT:~$ mysql -u athi -p
Enter password: 
Welcome to the MySQL monitor.  Commands end with ; or \g.
Your MySQL connection id is 48
Server version: 5.6.33-0ubuntu0.14.04.1 (Ubuntu)

Copyright (c) 2000, 2016, Oracle and/or its affiliates. All rights reserved.

Oracle is a registered trademark of Oracle Corporation and/or its
affiliates. Other names may be trademarks of their respective
owners.

Type 'help;' or '\h' for help. Type '\c' to clear the current input statement.

mysql> use db1
Database changed
mysql> grant select on db1 to 'liya'@'localhost;
    '> ';
ERROR 1146 (42S02): Table 'db1.db1' doesn't exist
mysql> grant select on db1 to 'liya'@'localhost';                               ERROR 1146 (42S02): Table 'db1.db1' doesn't exist
mysql> grant select on Employee to 'liya'@'localhost';
ERROR 1142 (42000): SELECT, GRANT command denied to user 'athi'@'localhost' for table 'Employee'
mysql> quit;
Bye
mca@mca-HP-280-G2-MT:~$ mysql -u root -p
Enter password: 
Welcome to the MySQL monitor.  Commands end with ; or \g.
Your MySQL connection id is 49
Server version: 5.6.33-0ubuntu0.14.04.1 (Ubuntu)

Copyright (c) 2000, 2016, Oracle and/or its affiliates. All rights reserved.

Oracle is a registered trademark of Oracle Corporation and/or its
affiliates. Other names may be trademarks of their respective
owners.

Type 'help;' or '\h' for help. Type '\c' to clear the current input statement.

mysql> use db1;
Reading table information for completion of table and column names
You can turn off this feature to get a quicker startup with -A

Database changed
mysql> grant all on Employee to 'athi'@'localhost' with grant option;
Query OK, 0 rows affected (0.00 sec)

mysql> quit;
Bye
mca@mca-HP-280-G2-MT:~$ mysql -u athi -p
Enter password: 
ERROR 1045 (28000): Access denied for user 'athi'@'localhost' (using password: YES)
mca@mca-HP-280-G2-MT:~$ mysql -u athi -p
Enter password: 
Welcome to the MySQL monitor.  Commands end with ; or \g.
Your MySQL connection id is 51
Server version: 5.6.33-0ubuntu0.14.04.1 (Ubuntu)

Copyright (c) 2000, 2016, Oracle and/or its affiliates. All rights reserved.

Oracle is a registered trademark of Oracle Corporation and/or its
affiliates. Other names may be trademarks of their respective
owners.

Type 'help;' or '\h' for help. Type '\c' to clear the current input statement.

mysql> grant select on Employee to 'liya'@'localhost';
ERROR 1046 (3D000): No database selected
mysql> use db1
Reading table information for completion of table and column names
You can turn off this feature to get a quicker startup with -A

Database changed
mysql> grant select on Employee to 'liya'@'localhost';
Query OK, 0 rows affected (0.00 sec)

mysql> select * from Employee;
+--------+--------+------+
| emp_no | ename  | age  |
+--------+--------+------+
| e01    | Kavya  |   22 |
| e02    | France |   45 |
| e03    | Jify   |   50 |
| e04    | Anju   |   20 |
| e05    | Anu    |   25 |
| e06    | Maya   |   25 |
| e07    | Athira |   26 |
| e08    | Akhil  |   22 |
| e09    | Akhila |   32 |
| e10    | Chinju |   32 |
+--------+--------+------+
10 rows in set (0.00 sec)

mysql> quit
Bye
mca@mca-HP-280-G2-MT:~$ mysql -u root -p
Enter password: 
Welcome to the MySQL monitor.  Commands end with ; or \g.
Your MySQL connection id is 52
Server version: 5.6.33-0ubuntu0.14.04.1 (Ubuntu)

Copyright (c) 2000, 2016, Oracle and/or its affiliates. All rights reserved.

Oracle is a registered trademark of Oracle Corporation and/or its
affiliates. Other names may be trademarks of their respective
owners.

Type 'help;' or '\h' for help. Type '\c' to clear the current input statement.

mysql> use db1
Reading table information for completion of table and column names
You can turn off this feature to get a quicker startup with -A

Database changed
mysql> grant select on db1.department to 'athi'@'localhost';
ERROR 1146 (42S02): Table 'db1.department' doesn't exist
mysql> grant select on department to 'athi'@'localhost';
ERROR 1146 (42S02): Table 'db1.department' doesn't exist
mysql> grant select on db1.Department to 'athi'@'localhost';
Query OK, 0 rows affected (0.00 sec)

mysql> quit
Bye
mca@mca-HP-280-G2-MT:~$ mysql -u athi -p
Enter password: 
Welcome to the MySQL monitor.  Commands end with ; or \g.
Your MySQL connection id is 53
Server version: 5.6.33-0ubuntu0.14.04.1 (Ubuntu)

Copyright (c) 2000, 2016, Oracle and/or its affiliates. All rights reserved.

Oracle is a registered trademark of Oracle Corporation and/or its
affiliates. Other names may be trademarks of their respective
owners.

Type 'help;' or '\h' for help. Type '\c' to clear the current input statement.

mysql> grant select on db1.Department to 'liya'@'localhost';
ERROR 1142 (42000): GRANT command denied to user 'athi'@'localhost' for table 'Department'
mysql> use db1
Reading table information for completion of table and column names
You can turn off this feature to get a quicker startup with -A

Database changed
mysql> grant select on db1.Department to 'liya'@'localhost';
ERROR 1142 (42000): GRANT command denied to user 'athi'@'localhost' for table 'Department'
mysql> grant select on Department to 'liya'@'localhost';
ERROR 1142 (42000): GRANT command denied to user 'athi'@'localhost' for table 'Department'
mysql> quit
Bye
mca@mca-HP-280-G2-MT:~$ mysql -u root -p
Enter password: 
Welcome to the MySQL monitor.  Commands end with ; or \g.
Your MySQL connection id is 54
Server version: 5.6.33-0ubuntu0.14.04.1 (Ubuntu)

Copyright (c) 2000, 2016, Oracle and/or its affiliates. All rights reserved.

Oracle is a registered trademark of Oracle Corporation and/or its
affiliates. Other names may be trademarks of their respective
owners.

Type 'help;' or '\h' for help. Type '\c' to clear the current input statement.

mysql> grant all on db1 to 'athi'@'localhost' with grant option;
ERROR 1046 (3D000): No database selected
mysql> use db1
Reading table information for completion of table and column names
You can turn off this feature to get a quicker startup with -A

Database changed
mysql> grant all on db1 to 'athi'@'localhost' with grant option;
Query OK, 0 rows affected (0.00 sec)

mysql> quit
Bye
mca@mca-HP-280-G2-MT:~$ mysql -u athi -p
Enter password: 
Welcome to the MySQL monitor.  Commands end with ; or \g.
Your MySQL connection id is 55
Server version: 5.6.33-0ubuntu0.14.04.1 (Ubuntu)

Copyright (c) 2000, 2016, Oracle and/or its affiliates. All rights reserved.

Oracle is a registered trademark of Oracle Corporation and/or its
affiliates. Other names may be trademarks of their respective
owners.

Type 'help;' or '\h' for help. Type '\c' to clear the current input statement.

mysql> use db1
Reading table information for completion of table and column names
You can turn off this feature to get a quicker startup with -A

Database changed
mysql> grant select on Employee to 'liya'@'localhost';
Query OK, 0 rows affected (0.01 sec)

mysql> select * from Employee;
+--------+--------+------+
| emp_no | ename  | age  |
+--------+--------+------+
| e01    | Kavya  |   22 |
| e02    | France |   45 |
| e03    | Jify   |   50 |
| e04    | Anju   |   20 |
| e05    | Anu    |   25 |
| e06    | Maya   |   25 |
| e07    | Athira |   26 |
| e08    | Akhil  |   22 |
| e09    | Akhila |   32 |
| e10    | Chinju |   32 |
+--------+--------+------+
10 rows in set (0.00 sec)

mysql> quit
Bye
mca@mca-HP-280-G2-MT:~$ mysql -u root -p
Enter password: 
ERROR 1045 (28000): Access denied for user 'root'@'localhost' (using password: YES)
mca@mca-HP-280-G2-MT:~$ mysql -u root -p
Enter password: 
Welcome to the MySQL monitor.  Commands end with ; or \g.
Your MySQL connection id is 57
Server version: 5.6.33-0ubuntu0.14.04.1 (Ubuntu)

Copyright (c) 2000, 2016, Oracle and/or its affiliates. All rights reserved.

Oracle is a registered trademark of Oracle Corporation and/or its
affiliates. Other names may be trademarks of their respective
owners.

Type 'help;' or '\h' for help. Type '\c' to clear the current input statement.

mysql> use db1
Reading table information for completion of table and column names
You can turn off this feature to get a quicker startup with -A

Database changed
mysql> grant select on db1.Department to 'athi'@'localhost';
Query OK, 0 rows affected (0.00 sec)

mysql> quit
Bye
mca@mca-HP-280-G2-MT:~$ mysql -u athi -p
Enter password: 
Welcome to the MySQL monitor.  Commands end with ; or \g.
Your MySQL connection id is 58
Server version: 5.6.33-0ubuntu0.14.04.1 (Ubuntu)

Copyright (c) 2000, 2016, Oracle and/or its affiliates. All rights reserved.

Oracle is a registered trademark of Oracle Corporation and/or its
affiliates. Other names may be trademarks of their respective
owners.

Type 'help;' or '\h' for help. Type '\c' to clear the current input statement.

mysql> grant select on db1.Department to 'liya'@'localhost';
ERROR 1142 (42000): GRANT command denied to user 'athi'@'localhost' for table 'Department'
mysql> quit
Bye
mca@mca-HP-280-G2-MT:~$ mysql -u root -p
Enter password: 
Welcome to the MySQL monitor.  Commands end with ; or \g.
Your MySQL connection id is 59
Server version: 5.6.33-0ubuntu0.14.04.1 (Ubuntu)

Copyright (c) 2000, 2016, Oracle and/or its affiliates. All rights reserved.

Oracle is a registered trademark of Oracle Corporation and/or its
affiliates. Other names may be trademarks of their respective
owners.

Type 'help;' or '\h' for help. Type '\c' to clear the current input statement.

mysql> grant select on db1.Department to 'athi'@'localhost';
Query OK, 0 rows affected (0.00 sec)

mysql> quit
Bye
mca@mca-HP-280-G2-MT:~$ mysql -u athi -p
Enter password: 
ERROR 1045 (28000): Access denied for user 'athi'@'localhost' (using password: YES)
mca@mca-HP-280-G2-MT:~$ mysql -u athi -p
Enter password: 
Welcome to the MySQL monitor.  Commands end with ; or \g.
Your MySQL connection id is 61
Server version: 5.6.33-0ubuntu0.14.04.1 (Ubuntu)

Copyright (c) 2000, 2016, Oracle and/or its affiliates. All rights reserved.

Oracle is a registered trademark of Oracle Corporation and/or its
affiliates. Other names may be trademarks of their respective
owners.

Type 'help;' or '\h' for help. Type '\c' to clear the current input statement.

mysql> use db1
Reading table information for completion of table and column names
You can turn off this feature to get a quicker startup with -A

Database changed
mysql> grant select on db1.Department to 'liya'@'localhost';
ERROR 1142 (42000): GRANT command denied to user 'athi'@'localhost' for table 'Department'
mysql> quit
Bye
mca@mca-HP-280-G2-MT:~$ mysql -u root -p
Enter password: 
ERROR 1045 (28000): Access denied for user 'root'@'localhost' (using password: YES)
mca@mca-HP-280-G2-MT:~$ mysql -u root -p
Enter password: 
Welcome to the MySQL monitor.  Commands end with ; or \g.
Your MySQL connection id is 63
Server version: 5.6.33-0ubuntu0.14.04.1 (Ubuntu)

Copyright (c) 2000, 2016, Oracle and/or its affiliates. All rights reserved.

Oracle is a registered trademark of Oracle Corporation and/or its
affiliates. Other names may be trademarks of their respective
owners.

Type 'help;' or '\h' for help. Type '\c' to clear the current input statement.

mysql> grant select on db1.Department to 'athi'@'localhost' with grant option;
Query OK, 0 rows affected (0.00 sec)

mysql> quit
Bye
mca@mca-HP-280-G2-MT:~$ mysql -u athi -p
Enter password: 
Welcome to the MySQL monitor.  Commands end with ; or \g.
Your MySQL connection id is 64
Server version: 5.6.33-0ubuntu0.14.04.1 (Ubuntu)

Copyright (c) 2000, 2016, Oracle and/or its affiliates. All rights reserved.

Oracle is a registered trademark of Oracle Corporation and/or its
affiliates. Other names may be trademarks of their respective
owners.

Type 'help;' or '\h' for help. Type '\c' to clear the current input statement.

mysql> use db1
Reading table information for completion of table and column names
You can turn off this feature to get a quicker startup with -A

Database changed
mysql> grant select on db1.Department to 'liya'@'localhost';
Query OK, 0 rows affected (0.00 sec)

mysql> quit
Bye
mca@mca-HP-280-G2-MT:~$ mysql -u liya -p
Enter password: 
Welcome to the MySQL monitor.  Commands end with ; or \g.
Your MySQL connection id is 65
Server version: 5.6.33-0ubuntu0.14.04.1 (Ubuntu)

Copyright (c) 2000, 2016, Oracle and/or its affiliates. All rights reserved.

Oracle is a registered trademark of Oracle Corporation and/or its
affiliates. Other names may be trademarks of their respective
owners.

Type 'help;' or '\h' for help. Type '\c' to clear the current input statement.

mysql> use db1
Reading table information for completion of table and column names
You can turn off this feature to get a quicker startup with -A

Database changed
mysql> select * from Department;
+---------+------------+-----------+
| dept_no | dept_name  | loc       |
+---------+------------+-----------+
| D1      | Production | Thrissur  |
| D2      | Sales      | Ernakulam |
| D3      | Purchase   | Ernakulam |
| D4      | HR         | Thrissur  |
| D5      | Finance    | Kollam    |
+---------+------------+-----------+
5 rows in set (0.00 sec)

mysql> delete from Department where dept_no='D1';
ERROR 1142 (42000): DELETE command denied to user 'liya'@'localhost' for table 'Department'
mysql> quit
Bye
mca@mca-HP-280-G2-MT:~$ mysql -u athi -p
Enter password: 
Welcome to the MySQL monitor.  Commands end with ; or \g.
Your MySQL connection id is 66
Server version: 5.6.33-0ubuntu0.14.04.1 (Ubuntu)

Copyright (c) 2000, 2016, Oracle and/or its affiliates. All rights reserved.

Oracle is a registered trademark of Oracle Corporation and/or its
affiliates. Other names may be trademarks of their respective
owners.

Type 'help;' or '\h' for help. Type '\c' to clear the current input statement.

mysql> use db1
Reading table information for completion of table and column names
You can turn off this feature to get a quicker startup with -A

Database changed
mysql> grant select,inserton db1.Employee to 'liya'@'localhost' with grant option;
ERROR 1064 (42000): You have an error in your SQL syntax; check the manual that corresponds to your MySQL server version for the right syntax to use near 'inserton db1.Employee to 'liya'@'localhost' with grant option' at line 1
mysql> grant select,insert db1.Employee to 'liya'@'localhost' with grant option;
ERROR 1064 (42000): You have an error in your SQL syntax; check the manual that corresponds to your MySQL server version for the right syntax to use near 'db1.Employee to 'liya'@'localhost' with grant option' at line 1
mysql> grant select,insert on db1.Employee to 'liya'@'localhost' with grant option;
Query OK, 0 rows affected (0.00 sec)

mysql> quit
Bye
mca@mca-HP-280-G2-MT:~$ mysql -u liya -p
Enter password: 
Welcome to the MySQL monitor.  Commands end with ; or \g.
Your MySQL connection id is 67
Server version: 5.6.33-0ubuntu0.14.04.1 (Ubuntu)

Copyright (c) 2000, 2016, Oracle and/or its affiliates. All rights reserved.

Oracle is a registered trademark of Oracle Corporation and/or its
affiliates. Other names may be trademarks of their respective
owners.

Type 'help;' or '\h' for help. Type '\c' to clear the current input statement.

mysql> use db1
Reading table information for completion of table and column names
You can turn off this feature to get a quicker startup with -A

Database changed
mysql> grant insert on db1.Employee to 'zoya'@'localhost';
Query OK, 0 rows affected (0.01 sec)

mysql> quit
Bye
mca@mca-HP-280-G2-MT:~$ mysql -u zoya -p
Enter password: 
Welcome to the MySQL monitor.  Commands end with ; or \g.
Your MySQL connection id is 68
Server version: 5.6.33-0ubuntu0.14.04.1 (Ubuntu)

Copyright (c) 2000, 2016, Oracle and/or its affiliates. All rights reserved.

Oracle is a registered trademark of Oracle Corporation and/or its
affiliates. Other names may be trademarks of their respective
owners.

Type 'help;' or '\h' for help. Type '\c' to clear the current input statement.

mysql> use db1
Reading table information for completion of table and column names
You can turn off this feature to get a quicker startup with -A

Database changed
mysql> insert into Employee values('e11','Kittu',30);
Query OK, 1 row affected (0.03 sec)

mysql> select * from Employee;
ERROR 1142 (42000): SELECT command denied to user 'zoya'@'localhost' for table 'Employee'
mysql> 

